../Core/Src/main.c:73:5:main	128	static
../Core/Src/main.c:158:6:SystemClock_Config	72	static
../Core/Src/main.c:195:13:MX_GPIO_Init	32	static
../Core/Src/main.c:219:6:accessSharedData	8	static
../Core/Src/main.c:235:6:SimulateReadWriteOperation	16	static,ignoring_inline_asm
../Core/Src/main.c:251:6:StartDefaultTask	16	static
../Core/Src/main.c:269:6:GreenLedTask	16	static
../Core/Src/main.c:292:6:RedLedTask	16	static
../Core/Src/main.c:315:6:OrangeLedTask	16	static
../Core/Src/main.c:332:6:Error_Handler	4	static,ignoring_inline_asm
